AR mux behavioral C:/hlocal/TOC/practica4/practica4/recursos/mux.vhd sub00/vhpl11 1417633059
AR reg behavioral C:/hlocal/TOC/practica4/practica4/recursos/reg.vhd sub00/vhpl09 1417633057
EN divider NULL C:/hlocal/TOC/practica4/practica4/recursos/divider.vhd sub00/vhpl14 1417633062
AR divider behavioral C:/hlocal/TOC/practica4/practica4/recursos/divider.vhd sub00/vhpl15 1417633063
EN clk_divider NULL C:/hlocal/TOC/practica4/practica4/recursos/clk_divider.vhd sub00/vhpl00 1417633048
EN reg_divisor NULL C:/hlocal/TOC/practica4/practica4/recursos/reg_divisor.vhd sub00/vhpl04 1417633052
AR clk_divider divider_arch C:/hlocal/TOC/practica4/practica4/recursos/clk_divider.vhd sub00/vhpl01 1417633049
AR reg_divisor behavioral C:/hlocal/TOC/practica4/practica4/recursos/reg_divisor.vhd sub00/vhpl05 1417633053
AR reg_c behavioral C:/hlocal/TOC/practica4/practica4/recursos/reg_c.vhd sub00/vhpl07 1417633055
EN mux NULL C:/hlocal/TOC/practica4/practica4/recursos/mux.vhd sub00/vhpl10 1417633058
AR alu behavioral C:/hlocal/TOC/practica4/practica4/recursos/alu.vhd sub00/vhpl13 1417633061
EN reg_dividendo NULL C:/hlocal/TOC/practica4/practica4/recursos/reg_dividendo.vhd sub00/vhpl02 1417633050
EN reg_c NULL C:/hlocal/TOC/practica4/practica4/recursos/reg_c.vhd sub00/vhpl06 1417633054
EN reg NULL C:/hlocal/TOC/practica4/practica4/recursos/reg.vhd sub00/vhpl08 1417633056
AR reg_dividendo behavioral C:/hlocal/TOC/practica4/practica4/recursos/reg_dividendo.vhd sub00/vhpl03 1417633051
EN alu NULL C:/hlocal/TOC/practica4/practica4/recursos/alu.vhd sub00/vhpl12 1417633060
