V3 32
FL C:/hlocal/TOC/practica4/practica4/recursos/alu.vhd 2014/12/03.17:29:41 P.15xf
EN work/alu 1417633060 FL C:/hlocal/TOC/practica4/practica4/recursos/alu.vhd \
      PB ieee/std_logic_1164 1335251622 PB ieee/NUMERIC_STD 1335251627 LB UNISIM \
      PH unisim/VCOMPONENTS 1335251629
AR work/alu/Behavioral 1417633061 \
      FL C:/hlocal/TOC/practica4/practica4/recursos/alu.vhd EN work/alu 1417633060
FL C:/hlocal/TOC/practica4/practica4/recursos/clk_divider.vhd 2014/12/03.17:29:41 P.15xf
EN work/clk_divider 1417633048 \
      FL C:/hlocal/TOC/practica4/practica4/recursos/clk_divider.vhd \
      PB ieee/std_logic_1164 1335251622 PB ieee/STD_LOGIC_UNSIGNED 1335251625
AR work/clk_divider/divider_arch 1417633049 \
      FL C:/hlocal/TOC/practica4/practica4/recursos/clk_divider.vhd \
      EN work/clk_divider 1417633048
FL C:/hlocal/TOC/practica4/practica4/recursos/divider.vhd 2014/12/03.19:57:21 P.15xf
EN work/divider 1417633062 \
      FL C:/hlocal/TOC/practica4/practica4/recursos/divider.vhd \
      PB ieee/std_logic_1164 1335251622 PB ieee/NUMERIC_STD 1335251627 LB UNISIM \
      PH unisim/VCOMPONENTS 1335251629
AR work/divider/Behavioral 1417633063 \
      FL C:/hlocal/TOC/practica4/practica4/recursos/divider.vhd EN work/divider 1417633062 \
      CP clk_divider CP reg_dividendo CP reg_divisor CP reg_c CP reg CP mux CP alu
FL C:/hlocal/TOC/practica4/practica4/recursos/mux.vhd 2014/12/03.17:29:41 P.15xf
EN work/mux 1417633058 FL C:/hlocal/TOC/practica4/practica4/recursos/mux.vhd \
      PB ieee/std_logic_1164 1335251622
AR work/mux/Behavioral 1417633059 \
      FL C:/hlocal/TOC/practica4/practica4/recursos/mux.vhd EN work/mux 1417633058
FL C:/hlocal/TOC/practica4/practica4/recursos/reg.vhd 2014/12/03.17:29:41 P.15xf
EN work/reg 1417633056 FL C:/hlocal/TOC/practica4/practica4/recursos/reg.vhd \
      PB ieee/std_logic_1164 1335251622
AR work/reg/Behavioral 1417633057 \
      FL C:/hlocal/TOC/practica4/practica4/recursos/reg.vhd EN work/reg 1417633056
FL C:/hlocal/TOC/practica4/practica4/recursos/reg_c.vhd 2014/12/03.17:29:41 P.15xf
EN work/reg_c 1417633054 FL C:/hlocal/TOC/practica4/practica4/recursos/reg_c.vhd \
      PB ieee/std_logic_1164 1335251622
AR work/reg_c/Behavioral 1417633055 \
      FL C:/hlocal/TOC/practica4/practica4/recursos/reg_c.vhd EN work/reg_c 1417633054
FL C:/hlocal/TOC/practica4/practica4/recursos/reg_dividendo.vhd 2014/12/03.17:29:41 P.15xf
EN work/reg_dividendo 1417633050 \
      FL C:/hlocal/TOC/practica4/practica4/recursos/reg_dividendo.vhd \
      PB ieee/std_logic_1164 1335251622
AR work/reg_dividendo/Behavioral 1417633051 \
      FL C:/hlocal/TOC/practica4/practica4/recursos/reg_dividendo.vhd \
      EN work/reg_dividendo 1417633050
FL C:/hlocal/TOC/practica4/practica4/recursos/reg_divisor.vhd 2014/12/03.17:59:28 P.15xf
EN work/reg_divisor 1417633052 \
      FL C:/hlocal/TOC/practica4/practica4/recursos/reg_divisor.vhd \
      PB ieee/std_logic_1164 1335251622
AR work/reg_divisor/Behavioral 1417633053 \
      FL C:/hlocal/TOC/practica4/practica4/recursos/reg_divisor.vhd \
      EN work/reg_divisor 1417633052
