Release 14.1 - xst P.15xf (nt64)
Copyright (c) 1995-2012 Xilinx, Inc.  All rights reserved.
--> Parameter TMPDIR set to xst/projnav.tmp


Total REAL time to Xst completion: 0.00 secs
Total CPU time to Xst completion: 0.06 secs
 
--> Parameter xsthdpdir set to xst


Total REAL time to Xst completion: 0.00 secs
Total CPU time to Xst completion: 0.06 secs
 
--> Reading design: black_jack.prj

TABLE OF CONTENTS
  1) Synthesis Options Summary
  2) HDL Compilation
  3) Design Hierarchy Analysis
  4) HDL Analysis
  5) HDL Synthesis
     5.1) HDL Synthesis Report
  6) Advanced HDL Synthesis
     6.1) Advanced HDL Synthesis Report
  7) Low Level Synthesis
  8) Partition Report
  9) Final Report
	9.1) Device utilization summary
	9.2) Partition Resource Summary
	9.3) TIMING REPORT


=========================================================================
*                      Synthesis Options Summary                        *
=========================================================================
---- Source Parameters
Input File Name                    : "black_jack.prj"
Input Format                       : mixed
Ignore Synthesis Constraint File   : NO

---- Target Parameters
Output File Name                   : "black_jack"
Output Format                      : NGC
Target Device                      : xc3s1000-5-ft256

---- Source Options
Top Module Name                    : black_jack
Automatic FSM Extraction           : YES
FSM Encoding Algorithm             : Auto
Safe Implementation                : No
FSM Style                          : LUT
RAM Extraction                     : Yes
RAM Style                          : Auto
ROM Extraction                     : Yes
Mux Style                          : Auto
Decoder Extraction                 : YES
Priority Encoder Extraction        : Yes
Shift Register Extraction          : YES
Logical Shifter Extraction         : YES
XOR Collapsing                     : YES
ROM Style                          : Auto
Mux Extraction                     : Yes
Resource Sharing                   : YES
Asynchronous To Synchronous        : NO
Multiplier Style                   : Auto
Automatic Register Balancing       : No

---- Target Options
Add IO Buffers                     : YES
Global Maximum Fanout              : 100000
Add Generic Clock Buffer(BUFG)     : 8
Register Duplication               : YES
Slice Packing                      : YES
Optimize Instantiated Primitives   : NO
Use Clock Enable                   : Yes
Use Synchronous Set                : Yes
Use Synchronous Reset              : Yes
Pack IO Registers into IOBs        : Auto
Equivalent register Removal        : YES

---- General Options
Optimization Goal                  : Speed
Optimization Effort                : 1
Keep Hierarchy                     : No
Netlist Hierarchy                  : As_Optimized
RTL Output                         : Yes
Global Optimization                : AllClockNets
Read Cores                         : YES
Write Timing Constraints           : NO
Cross Clock Analysis               : NO
Hierarchy Separator                : /
Bus Delimiter                      : <>
Case Specifier                     : Maintain
Slice Utilization Ratio            : 100
BRAM Utilization Ratio             : 100
Verilog 2001                       : YES
Auto BRAM Packing                  : NO
Slice Utilization Ratio Delta      : 5

=========================================================================


=========================================================================
*                          HDL Compilation                              *
=========================================================================
Compiling vhdl file "C:/hlocal/TOC/practica5/practica5/recursos/clk_divider.vhd" in Library work.
Architecture divider_arch of Entity clk_divider is up to date.
Compiling vhdl file "C:/hlocal/TOC/practica5/practica5/recursos/conv_7seg.vhd" in Library work.
Architecture behavioral of Entity conv_7seg is up to date.
Compiling vhdl file "C:/hlocal/TOC/practica5/practica5/recursos/mux.vhd" in Library work.
Architecture behavioral of Entity mux is up to date.
Compiling vhdl file "C:/hlocal/TOC/practica5/practica5/recursos/flipflop.vhd" in Library work.
Architecture behavioral of Entity flipflop is up to date.
Compiling vhdl file "C:/hlocal/TOC/practica5/practica5/recursos/alu.vhd" in Library work.
Architecture behavioral of Entity alu is up to date.
Compiling vhdl file "C:/hlocal/TOC/practica5/practica5/recursos/rams.vhd" in Library work.
Architecture circuito of Entity rams is up to date.
Compiling vhdl file "C:/hlocal/TOC/practica5/practica5/recursos/reg_contador.vhd" in Library work.
Architecture behavioral of Entity reg_contador is up to date.
Compiling vhdl file "C:/hlocal/TOC/practica5/practica5/recursos/reg_puntacion.vhd" in Library work.
Architecture behavioral of Entity reg_puntuacion is up to date.
Compiling vhdl file "C:/hlocal/TOC/practica5/practica5/recursos/registro.vhd" in Library work.
Architecture behavioral of Entity registro is up to date.
Compiling vhdl file "C:/hlocal/TOC/practica5/practica5/recursos/black_jack.vhd" in Library work.
Entity <black_jack> compiled.
Entity <black_jack> (Architecture <behavioral>) compiled.

=========================================================================
*                     Design Hierarchy Analysis                         *
=========================================================================
Analyzing hierarchy for entity <black_jack> in library <work> (architecture <behavioral>).

Analyzing hierarchy for entity <clk_divider> in library <work> (architecture <divider_arch>).

Analyzing hierarchy for entity <conv_7seg> in library <work> (architecture <behavioral>).

Analyzing hierarchy for entity <mux> in library <work> (architecture <behavioral>) with generics.
	n = 6

Analyzing hierarchy for entity <flipflop> in library <work> (architecture <behavioral>).

Analyzing hierarchy for entity <alu> in library <work> (architecture <behavioral>) with generics.
	m = 6
	n = 4

Analyzing hierarchy for entity <rams> in library <work> (architecture <circuito>) with generics.
	M = 6
	N = 4

Analyzing hierarchy for entity <reg_contador> in library <work> (architecture <behavioral>) with generics.
	N = 6

Analyzing hierarchy for entity <reg_puntuacion> in library <work> (architecture <behavioral>) with generics.
	N = 6

Analyzing hierarchy for entity <registro> in library <work> (architecture <behavioral>) with generics.
	N = 4


=========================================================================
*                            HDL Analysis                               *
=========================================================================
Analyzing Entity <black_jack> in library <work> (Architecture <behavioral>).
Entity <black_jack> analyzed. Unit <black_jack> generated.

Analyzing Entity <clk_divider> in library <work> (Architecture <divider_arch>).
Entity <clk_divider> analyzed. Unit <clk_divider> generated.

Analyzing Entity <conv_7seg> in library <work> (Architecture <behavioral>).
Entity <conv_7seg> analyzed. Unit <conv_7seg> generated.

Analyzing generic Entity <mux> in library <work> (Architecture <behavioral>).
	n = 6
Entity <mux> analyzed. Unit <mux> generated.

Analyzing Entity <flipflop> in library <work> (Architecture <behavioral>).
Entity <flipflop> analyzed. Unit <flipflop> generated.

Analyzing generic Entity <alu> in library <work> (Architecture <behavioral>).
	m = 6
	n = 4
Entity <alu> analyzed. Unit <alu> generated.

Analyzing generic Entity <rams> in library <work> (Architecture <circuito>).
	M = 6
	N = 4
Entity <rams> analyzed. Unit <rams> generated.

Analyzing generic Entity <reg_contador> in library <work> (Architecture <behavioral>).
	N = 6
Entity <reg_contador> analyzed. Unit <reg_contador> generated.

Analyzing generic Entity <reg_puntuacion> in library <work> (Architecture <behavioral>).
	N = 6
Entity <reg_puntuacion> analyzed. Unit <reg_puntuacion> generated.

Analyzing generic Entity <registro> in library <work> (Architecture <behavioral>).
	N = 4
Entity <registro> analyzed. Unit <registro> generated.


=========================================================================
*                           HDL Synthesis                               *
=========================================================================

Performing bidirectional port resolution...

Synthesizing Unit <clk_divider>.
    Related source file is "C:/hlocal/TOC/practica5/practica5/recursos/clk_divider.vhd".
    Found 1-bit register for signal <clk_aux>.
    Found 26-bit up counter for signal <count>.
    Summary:
	inferred   1 Counter(s).
	inferred   1 D-type flip-flop(s).
Unit <clk_divider> synthesized.


Synthesizing Unit <conv_7seg>.
    Related source file is "C:/hlocal/TOC/practica5/practica5/recursos/conv_7seg.vhd".
    Found 16x7-bit ROM for signal <display>.
    Summary:
	inferred   1 ROM(s).
Unit <conv_7seg> synthesized.


Synthesizing Unit <mux>.
    Related source file is "C:/hlocal/TOC/practica5/practica5/recursos/mux.vhd".
Unit <mux> synthesized.


Synthesizing Unit <flipflop>.
    Related source file is "C:/hlocal/TOC/practica5/practica5/recursos/flipflop.vhd".
    Found 1-bit register for signal <data>.
    Summary:
	inferred   1 D-type flip-flop(s).
Unit <flipflop> synthesized.


Synthesizing Unit <alu>.
    Related source file is "C:/hlocal/TOC/practica5/practica5/recursos/alu.vhd".
    Found 6-bit adder for signal <data_out>.
    Summary:
	inferred   1 Adder/Subtractor(s).
Unit <alu> synthesized.


Synthesizing Unit <rams>.
    Related source file is "C:/hlocal/TOC/practica5/practica5/recursos/rams.vhd".
    Found 64x4-bit single-port RAM <Mram_RAM> for signal <RAM>.
    Found 4-bit register for signal <do>.
    Summary:
	inferred   1 RAM(s).
	inferred   4 D-type flip-flop(s).
Unit <rams> synthesized.


Synthesizing Unit <reg_contador>.
    Related source file is "C:/hlocal/TOC/practica5/practica5/recursos/reg_contador.vhd".
    Found 6-bit up counter for signal <data>.
    Summary:
	inferred   1 Counter(s).
Unit <reg_contador> synthesized.


Synthesizing Unit <reg_puntuacion>.
    Related source file is "C:/hlocal/TOC/practica5/practica5/recursos/reg_puntacion.vhd".
    Found 6-bit updown counter for signal <data>.
    Summary:
	inferred   1 Counter(s).
Unit <reg_puntuacion> synthesized.


Synthesizing Unit <registro>.
    Related source file is "C:/hlocal/TOC/practica5/practica5/recursos/registro.vhd".
    Found 4-bit register for signal <data>.
    Summary:
	inferred   4 D-type flip-flop(s).
Unit <registro> synthesized.


Synthesizing Unit <black_jack>.
    Related source file is "C:/hlocal/TOC/practica5/practica5/recursos/black_jack.vhd".
INFO:Xst:1799 - State s5 is never reached in FSM <STATE>.
INFO:Xst:1799 - State s9 is never reached in FSM <STATE>.
    Found finite state machine <FSM_0> for signal <STATE>.
    -----------------------------------------------------------------------
    | States             | 10                                             |
    | Transitions        | 14                                             |
    | Inputs             | 4                                              |
    | Outputs            | 13                                             |
    | Clock              | clk_1Hz                   (rising_edge)        |
    | Reset              | boton_reset               (positive)           |
    | Reset type         | synchronous                                    |
    | Reset State        | s1                                             |
    | Power Up State     | s1                                             |
    | Encoding           | automatic                                      |
    | Implementation     | LUT                                            |
    -----------------------------------------------------------------------
    Found 6-bit comparator less for signal <puntuacion_mas$cmp_lt0000> created at line 365.
    Found 6-bit comparator lessequal for signal <STATE$cmp_le0000> created at line 492.
    Summary:
	inferred   1 Finite State Machine(s).
	inferred   2 Comparator(s).
Unit <black_jack> synthesized.


=========================================================================
HDL Synthesis Report

Macro Statistics
# RAMs                                                 : 1
 64x4-bit single-port RAM                              : 1
# ROMs                                                 : 2
 16x7-bit ROM                                          : 2
# Adders/Subtractors                                   : 1
 6-bit adder                                           : 1
# Counters                                             : 3
 26-bit up counter                                     : 1
 6-bit up counter                                      : 1
 6-bit updown counter                                  : 1
# Registers                                            : 5
 1-bit register                                        : 3
 4-bit register                                        : 2
# Comparators                                          : 2
 6-bit comparator less                                 : 1
 6-bit comparator lessequal                            : 1

=========================================================================

=========================================================================
*                       Advanced HDL Synthesis                          *
=========================================================================

Analyzing FSM <FSM_0> for best encoding.
Optimizing FSM <STATE/FSM> on signal <STATE[1:10]> with one-hot encoding.
---------------------
 State | Encoding
---------------------
 s1    | 0000000001
 s2    | 0000000010
 s3    | 0000000100
 s4    | 0000010000
 s5    | unreached
 s6    | 0000001000
 s7    | 0000100000
 s77   | 0001000000
 s777  | 0010000000
 dummy | 0100000000
 s8    | 1000000000
 s9    | unreached
---------------------
WARNING:Xst:1293 - FF/Latch <data> has a constant value of 0 in block <u_flip2>. This FF/Latch will be trimmed during the optimization process.

Synthesizing (advanced) Unit <rams>.
INFO:Xst:3231 - The small RAM <Mram_RAM> will be implemented on LUTs in order to maximize performance and save block RAM resources. If you want to force its implementation on block, use option/constraint ram_style.
    -----------------------------------------------------------------------
    | ram_type           | Distributed                         |          |
    -----------------------------------------------------------------------
    | Port A                                                              |
    |     aspect ratio   | 64-word x 4-bit                     |          |
    |     clkA           | connected to signal <clk>           | rise     |
    |     weA            | connected to signal <we>            | high     |
    |     addrA          | connected to signal <addr>          |          |
    |     diA            | connected to internal node          |          |
    |     doA            | connected to internal node          |          |
    -----------------------------------------------------------------------
Unit <rams> synthesized (advanced).

=========================================================================
Advanced HDL Synthesis Report

Macro Statistics
# FSMs                                                 : 1
# RAMs                                                 : 1
 64x4-bit single-port distributed RAM                  : 1
# ROMs                                                 : 2
 16x7-bit ROM                                          : 2
# Adders/Subtractors                                   : 1
 6-bit adder                                           : 1
# Counters                                             : 3
 26-bit up counter                                     : 1
 6-bit up counter                                      : 1
 6-bit updown counter                                  : 1
# Registers                                            : 11
 Flip-Flops                                            : 11
# Comparators                                          : 2
 6-bit comparator less                                 : 1
 6-bit comparator lessequal                            : 1

=========================================================================

=========================================================================
*                         Low Level Synthesis                           *
=========================================================================
WARNING:Xst:1293 - FF/Latch <u_flip2/data> has a constant value of 0 in block <black_jack>. This FF/Latch will be trimmed during the optimization process.

Optimizing unit <black_jack> ...

Mapping all equations...
Building and optimizing final netlist ...
Found area constraint ratio of 100 (+ 5) on block black_jack, actual ratio is 1.

Final Macro Processing ...

=========================================================================
Final Register Report

Macro Statistics
# Registers                                            : 58
 Flip-Flops                                            : 58

=========================================================================

=========================================================================
*                           Partition Report                            *
=========================================================================

Partition Implementation Status
-------------------------------

  No Partitions were found in this design.

-------------------------------

=========================================================================
*                            Final Report                               *
=========================================================================
Final Results
RTL Top Level Output File Name     : black_jack.ngr
Top Level Output File Name         : black_jack
Output Format                      : NGC
Optimization Goal                  : Speed
Keep Hierarchy                     : No

Design Statistics
# IOs                              : 33

Cell Usage :
# BELS                             : 215
#      GND                         : 1
#      INV                         : 5
#      LUT1                        : 25
#      LUT2                        : 37
#      LUT3                        : 15
#      LUT3_D                      : 1
#      LUT4                        : 59
#      LUT4_D                      : 4
#      LUT4_L                      : 6
#      MUXCY                       : 32
#      MUXF5                       : 3
#      VCC                         : 1
#      XORCY                       : 26
# FlipFlops/Latches                : 58
#      FD                          : 4
#      FDC                         : 26
#      FDCE                        : 1
#      FDR                         : 8
#      FDRE                        : 17
#      FDRS                        : 1
#      FDS                         : 1
# RAMS                             : 8
#      RAM32X1S                    : 8
# Clock Buffers                    : 2
#      BUFG                        : 1
#      BUFGP                       : 1
# IO Buffers                       : 32
#      IBUF                        : 4
#      OBUF                        : 28
=========================================================================

Device utilization summary:
---------------------------

Selected Device : 3s1000ft256-5 

 Number of Slices:                       90  out of   7680     1%  
 Number of Slice Flip Flops:             58  out of  15360     0%  
 Number of 4 input LUTs:                168  out of  15360     1%  
    Number used as logic:               152
    Number used as RAMs:                 16
 Number of IOs:                          33
 Number of bonded IOBs:                  33  out of    173    19%  
 Number of GCLKs:                         2  out of      8    25%  

---------------------------
Partition Resource Summary:
---------------------------

  No Partitions were found in this design.

---------------------------


=========================================================================
TIMING REPORT

NOTE: THESE TIMING NUMBERS ARE ONLY A SYNTHESIS ESTIMATE.
      FOR ACCURATE TIMING INFORMATION PLEASE REFER TO THE TRACE REPORT
      GENERATED AFTER PLACE-and-ROUTE.

Clock Information:
------------------
-----------------------------------+------------------------+-------+
Clock Signal                       | Clock buffer(FF name)  | Load  |
-----------------------------------+------------------------+-------+
clk                                | BUFGP                  | 27    |
nuevo_rejoj/clk_aux1               | BUFG                   | 39    |
-----------------------------------+------------------------+-------+

Asynchronous Control Signals Information:
----------------------------------------
----------------------------------------+--------------------------+-------+
Control Signal                          | Buffer(FF name)          | Load  |
----------------------------------------+--------------------------+-------+
reset_pulsado_OBUF(boton_reset1_INV_0:O)| NONE(nuevo_rejoj/clk_aux)| 27    |
----------------------------------------+--------------------------+-------+

Timing Summary:
---------------
Speed Grade: -5

   Minimum period: 6.802ns (Maximum Frequency: 147.020MHz)
   Minimum input arrival time before clock: 4.510ns
   Maximum output required time after clock: 13.562ns
   Maximum combinational path delay: 8.527ns

Timing Detail:
--------------
All values displayed in nanoseconds (ns)

=========================================================================
Timing constraint: Default period analysis for Clock 'clk'
  Clock period: 6.149ns (frequency: 162.633MHz)
  Total number of paths / destination ports: 1054 / 28
-------------------------------------------------------------------------
Delay:               6.149ns (Levels of Logic = 27)
  Source:            nuevo_rejoj/count_1 (FF)
  Destination:       nuevo_rejoj/count_25 (FF)
  Source Clock:      clk rising
  Destination Clock: clk rising

  Data Path: nuevo_rejoj/count_1 to nuevo_rejoj/count_25
                                Gate     Net
    Cell:in->out      fanout   Delay   Delay  Logical Name (Net Name)
    ----------------------------------------  ------------
     FDC:C->Q              2   0.626   1.040  nuevo_rejoj/count_1 (nuevo_rejoj/count_1)
     LUT1:I0->O            1   0.479   0.000  nuevo_rejoj/Mcount_count_cy<1>_rt (nuevo_rejoj/Mcount_count_cy<1>_rt)
     MUXCY:S->O            1   0.435   0.000  nuevo_rejoj/Mcount_count_cy<1> (nuevo_rejoj/Mcount_count_cy<1>)
     MUXCY:CI->O           1   0.056   0.000  nuevo_rejoj/Mcount_count_cy<2> (nuevo_rejoj/Mcount_count_cy<2>)
     MUXCY:CI->O           1   0.056   0.000  nuevo_rejoj/Mcount_count_cy<3> (nuevo_rejoj/Mcount_count_cy<3>)
     MUXCY:CI->O           1   0.056   0.000  nuevo_rejoj/Mcount_count_cy<4> (nuevo_rejoj/Mcount_count_cy<4>)
     MUXCY:CI->O           1   0.056   0.000  nuevo_rejoj/Mcount_count_cy<5> (nuevo_rejoj/Mcount_count_cy<5>)
     MUXCY:CI->O           1   0.056   0.000  nuevo_rejoj/Mcount_count_cy<6> (nuevo_rejoj/Mcount_count_cy<6>)
     MUXCY:CI->O           1   0.056   0.000  nuevo_rejoj/Mcount_count_cy<7> (nuevo_rejoj/Mcount_count_cy<7>)
     MUXCY:CI->O           1   0.056   0.000  nuevo_rejoj/Mcount_count_cy<8> (nuevo_rejoj/Mcount_count_cy<8>)
     MUXCY:CI->O           1   0.056   0.000  nuevo_rejoj/Mcount_count_cy<9> (nuevo_rejoj/Mcount_count_cy<9>)
     MUXCY:CI->O           1   0.056   0.000  nuevo_rejoj/Mcount_count_cy<10> (nuevo_rejoj/Mcount_count_cy<10>)
     MUXCY:CI->O           1   0.056   0.000  nuevo_rejoj/Mcount_count_cy<11> (nuevo_rejoj/Mcount_count_cy<11>)
     MUXCY:CI->O           1   0.056   0.000  nuevo_rejoj/Mcount_count_cy<12> (nuevo_rejoj/Mcount_count_cy<12>)
     MUXCY:CI->O           1   0.056   0.000  nuevo_rejoj/Mcount_count_cy<13> (nuevo_rejoj/Mcount_count_cy<13>)
     MUXCY:CI->O           1   0.056   0.000  nuevo_rejoj/Mcount_count_cy<14> (nuevo_rejoj/Mcount_count_cy<14>)
     MUXCY:CI->O           1   0.056   0.000  nuevo_rejoj/Mcount_count_cy<15> (nuevo_rejoj/Mcount_count_cy<15>)
     MUXCY:CI->O           1   0.056   0.000  nuevo_rejoj/Mcount_count_cy<16> (nuevo_rejoj/Mcount_count_cy<16>)
     MUXCY:CI->O           1   0.056   0.000  nuevo_rejoj/Mcount_count_cy<17> (nuevo_rejoj/Mcount_count_cy<17>)
     MUXCY:CI->O           1   0.056   0.000  nuevo_rejoj/Mcount_count_cy<18> (nuevo_rejoj/Mcount_count_cy<18>)
     MUXCY:CI->O           1   0.056   0.000  nuevo_rejoj/Mcount_count_cy<19> (nuevo_rejoj/Mcount_count_cy<19>)
     MUXCY:CI->O           1   0.056   0.000  nuevo_rejoj/Mcount_count_cy<20> (nuevo_rejoj/Mcount_count_cy<20>)
     MUXCY:CI->O           1   0.056   0.000  nuevo_rejoj/Mcount_count_cy<21> (nuevo_rejoj/Mcount_count_cy<21>)
     MUXCY:CI->O           1   0.056   0.000  nuevo_rejoj/Mcount_count_cy<22> (nuevo_rejoj/Mcount_count_cy<22>)
     MUXCY:CI->O           1   0.056   0.000  nuevo_rejoj/Mcount_count_cy<23> (nuevo_rejoj/Mcount_count_cy<23>)
     MUXCY:CI->O           0   0.056   0.000  nuevo_rejoj/Mcount_count_cy<24> (nuevo_rejoj/Mcount_count_cy<24>)
     XORCY:CI->O           1   0.786   0.851  nuevo_rejoj/Mcount_count_xor<25> (Result<25>)
     LUT2:I1->O            1   0.479   0.000  nuevo_rejoj/Mcount_count_eqn_251 (nuevo_rejoj/Mcount_count_eqn_25)
     FDC:D                     0.176          nuevo_rejoj/count_25
    ----------------------------------------
    Total                      6.149ns (4.258ns logic, 1.891ns route)
                                       (69.2% logic, 30.8% route)

=========================================================================
Timing constraint: Default period analysis for Clock 'nuevo_rejoj/clk_aux1'
  Clock period: 6.802ns (frequency: 147.020MHz)
  Total number of paths / destination ports: 496 / 103
-------------------------------------------------------------------------
Delay:               6.802ns (Levels of Logic = 5)
  Source:            u_registro_puntuacion/data_0 (FF)
  Destination:       u_registro_puntuacion/data_5 (FF)
  Source Clock:      nuevo_rejoj/clk_aux1 rising
  Destination Clock: nuevo_rejoj/clk_aux1 rising

  Data Path: u_registro_puntuacion/data_0 to u_registro_puntuacion/data_5
                                Gate     Net
    Cell:in->out      fanout   Delay   Delay  Logical Name (Net Name)
    ----------------------------------------  ------------
     FDRE:C->Q             8   0.626   1.216  u_registro_puntuacion/data_0 (u_registro_puntuacion/data_0)
     LUT4:I0->O            3   0.479   0.794  u_alu/Madd_data_out_cy<1>11 (u_alu/Madd_data_out_cy<1>)
     LUT4:I3->O            2   0.479   0.768  u_registro_puntuacion/Mcount_data_lut<3>_SW0 (N32)
     LUT4:I3->O            1   0.479   0.704  u_registro_puntuacion/Mcount_data_cy<3>11_SW1 (N55)
     LUT4_L:I3->LO         1   0.479   0.123  u_registro_puntuacion/Mcount_data_cy<3>11 (u_registro_puntuacion/Mcount_data_cy<3>)
     LUT4:I3->O            1   0.479   0.000  u_registro_puntuacion/Mcount_data_xor<5>11 (u_registro_puntuacion/Mcount_data6)
     FDRE:D                    0.176          u_registro_puntuacion/data_5
    ----------------------------------------
    Total                      6.802ns (3.197ns logic, 3.605ns route)
                                       (47.0% logic, 53.0% route)

=========================================================================
Timing constraint: Default OFFSET IN BEFORE for Clock 'nuevo_rejoj/clk_aux1'
  Total number of paths / destination ports: 35 / 32
-------------------------------------------------------------------------
Offset:              4.510ns (Levels of Logic = 2)
  Source:            reset (PAD)
  Destination:       u_registro_carta/data_3 (FF)
  Destination Clock: nuevo_rejoj/clk_aux1 rising

  Data Path: reset to u_registro_carta/data_3
                                Gate     Net
    Cell:in->out      fanout   Delay   Delay  Logical Name (Net Name)
    ----------------------------------------  ------------
     IBUF:I->O             3   0.715   0.771  reset_IBUF (reset_IBUF)
     INV:I->O             48   0.479   1.653  boton_reset1_INV_0 (reset_pulsado_OBUF)
     FDRE:R                    0.892          u_registro_carta/data_0
    ----------------------------------------
    Total                      4.510ns (2.086ns logic, 2.424ns route)
                                       (46.3% logic, 53.7% route)

=========================================================================
Timing constraint: Default OFFSET OUT AFTER for Clock 'nuevo_rejoj/clk_aux1'
  Total number of paths / destination ports: 417 / 25
-------------------------------------------------------------------------
Offset:              13.562ns (Levels of Logic = 6)
  Source:            STATE_FSM_FFd5 (FF)
  Destination:       estado_seg<6> (PAD)
  Source Clock:      nuevo_rejoj/clk_aux1 rising

  Data Path: STATE_FSM_FFd5 to estado_seg<6>
                                Gate     Net
    Cell:in->out      fanout   Delay   Delay  Logical Name (Net Name)
    ----------------------------------------  ------------
     FDR:C->Q             11   0.626   1.267  STATE_FSM_FFd5 (STATE_FSM_FFd5)
     LUT4:I0->O            1   0.479   0.704  conv_x_estado_or000010 (conv_x_estado_or000010)
     LUT4:I3->O            4   0.479   1.074  conv_x_estado_or000017_SW0 (N65)
     LUT3:I0->O            1   0.479   0.704  conv_x_estado<3>_SW1 (N67)
     LUT4:I3->O            7   0.479   1.201  conv_x_estado<3> (conv_x_estado<3>)
     LUT4:I0->O            1   0.479   0.681  u_conv_estado/Mrom_display21 (estado_seg_2_OBUF)
     OBUF:I->O                 4.909          estado_seg_2_OBUF (estado_seg<2>)
    ----------------------------------------
    Total                     13.562ns (7.930ns logic, 5.631ns route)
                                       (58.5% logic, 41.5% route)

=========================================================================
Timing constraint: Default path analysis
  Total number of paths / destination ports: 2 / 2
-------------------------------------------------------------------------
Delay:               8.527ns (Levels of Logic = 3)
  Source:            reset (PAD)
  Destination:       reset_pulsado (PAD)

  Data Path: reset to reset_pulsado
                                Gate     Net
    Cell:in->out      fanout   Delay   Delay  Logical Name (Net Name)
    ----------------------------------------  ------------
     IBUF:I->O             3   0.715   0.771  reset_IBUF (reset_IBUF)
     INV:I->O             48   0.479   1.653  boton_reset1_INV_0 (reset_pulsado_OBUF)
     OBUF:I->O                 4.909          reset_pulsado_OBUF (reset_pulsado)
    ----------------------------------------
    Total                      8.527ns (6.103ns logic, 2.424ns route)
                                       (71.6% logic, 28.4% route)

=========================================================================


Total REAL time to Xst completion: 4.00 secs
Total CPU time to Xst completion: 4.74 secs
 
--> 

Total memory usage is 263644 kilobytes

Number of errors   :    0 (   0 filtered)
Number of warnings :    2 (   0 filtered)
Number of infos    :    3 (   0 filtered)

