V3 3
FL C:/Users/RicardoWin7/Documents/git/TOC/practica3/practica3/adder.vhd 2014/11/07.19:05:10 P.20131013
EN work/adder 1415803228 \
      FL C:/Users/RicardoWin7/Documents/git/TOC/practica3/practica3/adder.vhd \
      PB ieee/std_logic_1164 1381692176 PB ieee/std_logic_arith 1381692177 \
      PB ieee/STD_LOGIC_SIGNED 1381692178
AR work/adder/rtl 1415803229 \
      FL C:/Users/RicardoWin7/Documents/git/TOC/practica3/practica3/adder.vhd \
      EN work/adder 1415803228
