EN test_ej1 NULL C:/hlocal/TOC/practica_final/practica_final/recursos/test_ej1.vhd sub00/vhpl11 1421862679
AR registro behavioral C:/hlocal/TOC/practica_final/practica_final/recursos/registro.vhd sub00/vhpl05 1421866233
EN asm NULL C:/hlocal/TOC/practica_final/practica_final/recursos/asm.vhd sub00/vhpl06 1421866236
AR asm behavioral C:/hlocal/TOC/practica_final/practica_final/recursos/asm.vhd sub00/vhpl07 1421866237
AR comparador behavioral C:/hlocal/TOC/practica_final/practica_final/recursos/comparador.vhd sub00/vhpl10 1421866229
EN test_basica NULL C:/Users/RicardoWin7/Documents/git/TOC/practica_final/practica_final/recursos/test.vhd sub00/vhpl08 1421858061
AR rams circuito C:/hlocal/TOC/practica_final/practica_final/recursos/ram.vhd sub00/vhpl01 1421866235
EN flipflop NULL C:/hlocal/TOC/practica_final/practica_final/recursos/flipflop.vhd sub00/vhpl02 1421866230
EN comparador NULL C:/hlocal/TOC/practica_final/practica_final/recursos/comparador.vhd sub00/vhpl09 1421866228
EN rams NULL C:/hlocal/TOC/practica_final/practica_final/recursos/ram.vhd sub00/vhpl00 1421866234
AR flipflop behavioral C:/hlocal/TOC/practica_final/practica_final/recursos/flipflop.vhd sub00/vhpl03 1421866231
EN registro NULL C:/hlocal/TOC/practica_final/practica_final/recursos/registro.vhd sub00/vhpl04 1421866232
