AR reg_contador behavioral C:/hlocal/TOC/practica5/practica5/recursos/reg_contador.vhd sub00/vhpl11 1418842514
AR mux behavioral C:/hlocal/TOC/practica5/practica5/recursos/mux.vhd sub00/vhpl03 1418842506
AR registro behavioral C:/hlocal/TOC/practica5/practica5/recursos/registro.vhd sub00/vhpl13 1418842518
AR black_jack behavioral C:/hlocal/TOC/practica5/practica5/recursos/black_jack.vhd sub00/vhpl15 1418842520
EN reg_contador NULL C:/hlocal/TOC/practica5/practica5/recursos/reg_contador.vhd sub00/vhpl10 1418842513
EN clk_divider NULL C:/hlocal/TOC/practica5/practica5/recursos/clk_divider.vhd sub00/vhpl16 1418842501
AR reg_puntuacion behavioral C:/hlocal/TOC/practica5/practica5/recursos/reg_puntacion.vhd sub00/vhpl19 1418842516
AR clk_divider divider_arch C:/hlocal/TOC/practica5/practica5/recursos/clk_divider.vhd sub00/vhpl17 1418842502
AR conv_7seg behavioral C:/hlocal/TOC/practica5/practica5/recursos/conv_7seg.vhd sub00/vhpl01 1418842504
EN black_jack NULL C:/hlocal/TOC/practica5/practica5/recursos/black_jack.vhd sub00/vhpl14 1418842519
AR rams circuito C:/hlocal/TOC/practica5/practica5/recursos/rams.vhd sub00/vhpl09 1418842512
EN flipflop NULL C:/hlocal/TOC/practica5/practica5/recursos/flipflop.vhd sub00/vhpl04 1418842507
EN mux NULL C:/hlocal/TOC/practica5/practica5/recursos/mux.vhd sub00/vhpl02 1418842505
EN conv_7seg NULL C:/hlocal/TOC/practica5/practica5/recursos/conv_7seg.vhd sub00/vhpl00 1418842503
AR alu behavioral C:/hlocal/TOC/practica5/practica5/recursos/alu.vhd sub00/vhpl07 1418842510
EN rams NULL C:/hlocal/TOC/practica5/practica5/recursos/rams.vhd sub00/vhpl08 1418842511
AR flipflop behavioral C:/hlocal/TOC/practica5/practica5/recursos/flipflop.vhd sub00/vhpl05 1418842508
EN reg_puntuacion NULL C:/hlocal/TOC/practica5/practica5/recursos/reg_puntacion.vhd sub00/vhpl18 1418842515
EN alu NULL C:/hlocal/TOC/practica5/practica5/recursos/alu.vhd sub00/vhpl06 1418842509
EN registro NULL C:/hlocal/TOC/practica5/practica5/recursos/registro.vhd sub00/vhpl12 1418842517
