AR reg_contador behavioral C:/hlocal/TOC/practica5/practica5/recursos/reg_contador.vhd sub00/vhpl11 1418834971
AR mux behavioral C:/hlocal/TOC/practica5/practica5/recursos/mux.vhd sub00/vhpl03 1418834963
AR registro behavioral C:/hlocal/TOC/practica5/practica5/recursos/registro.vhd sub00/vhpl13 1418834973
AR black_jack behavioral C:/hlocal/TOC/practica5/practica5/recursos/black_jack.vhd sub00/vhpl15 1418834975
EN reg_contador NULL C:/hlocal/TOC/practica5/practica5/recursos/reg_contador.vhd sub00/vhpl10 1418834970
AR conv_7seg behavioral C:/hlocal/TOC/practica5/practica5/recursos/conv_7seg.vhd sub00/vhpl01 1418834961
EN black_jack NULL C:/hlocal/TOC/practica5/practica5/recursos/black_jack.vhd sub00/vhpl14 1418834974
AR rams circuito C:/hlocal/TOC/practica5/practica5/recursos/rams.vhd sub00/vhpl09 1418834969
EN flipflop NULL C:/hlocal/TOC/practica5/practica5/recursos/flipflop.vhd sub00/vhpl04 1418834964
EN mux NULL C:/hlocal/TOC/practica5/practica5/recursos/mux.vhd sub00/vhpl02 1418834962
EN conv_7seg NULL C:/hlocal/TOC/practica5/practica5/recursos/conv_7seg.vhd sub00/vhpl00 1418834960
AR alu behavioral C:/hlocal/TOC/practica5/practica5/recursos/alu.vhd sub00/vhpl07 1418834967
EN rams NULL C:/hlocal/TOC/practica5/practica5/recursos/rams.vhd sub00/vhpl08 1418834968
AR flipflop behavioral C:/hlocal/TOC/practica5/practica5/recursos/flipflop.vhd sub00/vhpl05 1418834965
EN alu NULL C:/hlocal/TOC/practica5/practica5/recursos/alu.vhd sub00/vhpl06 1418834966
EN registro NULL C:/hlocal/TOC/practica5/practica5/recursos/registro.vhd sub00/vhpl12 1418834972
