EN reflejo NULL C:/Users/RicardoWin7/Documents/git/TOC/practica2/practica2/reflejo.vhd sub00/vhpl00 1414167882
EN tb NULL C:/Users/RicardoWin7/Documents/git/TOC/practica2/practica2/test.vhd sub00/vhpl02 1414167856
AR reflejo behavioral C:/Users/RicardoWin7/Documents/git/TOC/practica2/practica2/reflejo.vhd sub00/vhpl01 1414167883
